// Jest Snapshot v1, https://goo.gl/fbAQLP

exports[`createHeaders should create an object representing HTTP request headers 1`] = `
Object {
  "content-encoding": "amz-1.0",
  "content-type": "application/json; charset=utf-8",
  "host": "webservices.amazon.com",
  "x-amz-date": "20200308T123600Z",
  "x-amz-target": "com.amazon.paapi5.v1.ProductAdvertisingAPIv1.undefined",
}
`;
