// Jest Snapshot v1, https://goo.gl/fbAQLP

exports[`calculateSignature should return a hexidecimal string 1`] = `"793438099fec26831f2fb890c2f0da8b51952f324ae5b9c35cf1630a3230c9ce"`;
