// Jest Snapshot v1, https://goo.gl/fbAQLP

exports[`hmacAndHexDigest should create a hexidecimal string of input key and value pairs 1`] = `"b58807fba080c6fe56737fb8504d00b0d026258340dd0b86cc5d6cfa927eb9e7"`;
